{"level":"INFO","datetime":"2021-07-11T10:09:57.199+0800","caller":"webfw/main.go:8","msg":"fucl"}
